{
    "pipeline": "pipeline_id",
    "job details": {
        "job category": "preprocessing",
        "job name": "fdclean",
        "job type": "pure python",
        "job id": "job_id",
        "start_time": "2024-10-18 10:10:22",
        "end_time": "2024-10-18 10:10:23",
        "status": "success"
    },
    "code": {
        "github": "github",
        "commit_hash": "12345",
        "path": "path"
    },
    "job_input_params": {
        "document_id_column": "int_id_column",
        "duplicate_list_location": "data-prep-kit/transforms/universal/fdedup/python/test-data/expected2/docs_to_remove_consolidated/docs_to_remove_consolidated.parquet",
        "operation_mode": "filter_duplicates",
        "checkpointing": false,
        "max_files": -1,
        "random_samples": -1,
        "files_to_use": [".parquet"],
        "num_processors": 0
    },
    "execution_stats": {
        "cpus": 112.7,
        "gpus": 0,
        "memory": 24.17,
        "object_store": 0,
        "execution time, min": 0.005
    },
    "job_output_stats": {
        "source_files": 2,
        "source_size": 4490,
        "result_files": 2,
        "result_size": 18001,
        "processing_time": 0.308,
        "input_files": 2,
        "input_docs": 12,
        "input_bytes": 8753,
        "output_files": 2,
        "output_docs": 4,
        "output_bytes": 4650,
        "filtered_docs": 8,
        "filtered_bytes": 4103,
        "source_doc_count": 12,
        "result_doc_count": 4
    },
    "source": {
        "name": "data-prep-kit/transforms/universal/fdedup/python/test-data/input",
        "type": "path"
    },
    "target": {
        "name": "data-prep-kit/transforms/universal/fdedup/python/test-data/expected2/cleaned",
        "type": "path"
    }
}
