{
    "pipeline": "pipeline_id",
    "job details": {
        "job category": "preprocessing",
        "job name": "header_cleanser",
        "job type": "pure python",
        "job id": "job_id",
        "start_time": "2024-06-16 09:05:43",
        "end_time": "2024-06-16 09:05:50",
        "status": "success"
    },
    "code": {
        "github": "github",
        "commit_hash": "12345",
        "path": "path"
    },
    "job_input_params": {
        "contents_column_name": "contents",
        "license": "true",
        "copyright": "true",
        "checkpointing": false,
        "max_files": -1,
        "random_samples": -1,
        "files_to_use": [".parquet"]
    },
    "job_output_stats": {
        "source_files": 1,
        "source_size": 17466,
        "result_files": 1,
        "result_size": 38953,
        "processing_time": 7.257367134094238,
        "Removed code count": 9,
        "source_doc_count": 10,
        "result_doc_count": 10
    },
    "source": {
        "name": "/home/yash/git_fork_3/data-prep-kit/transforms/code/header_cleanser/python/test-data/input",
        "type": "path"
    },
    "target": {
        "name": "/home/yash/git_fork_3/data-prep-kit/transforms/code/header_cleanser/python/test-data/expected/license-and-copyright",
        "type": "path"
    }
}
