{
  "pipeline": "pipeline_id",
  "job details": {
    "job category": "preprocessing",
    "job name": "doc_id",
    "job type": "pure python",
    "job id": "job_id",
    "start_time": "2024-08-17 09:57:40",
    "end_time": "2024-08-17 09:57:41",
    "status": "success"
  },
  "code": {
    "github": "github",
    "commit_hash": "12345",
    "path": "path"
  },
  "job_input_params": {
    "doc_column": "contents",
    "hash_column": "hash_column",
    "int_column": "int_id_column",
    "start_id": 5,
    "checkpointing": false,
    "max_files": -1,
    "random_samples": -1,
    "files_to_use": [
      ".parquet"
    ],
    "num_processors": 0
  },
  "job_output_stats": {
    "source_files": 1,
    "source_size": 36132,
    "result_files": 1,
    "result_size": 36668,
    "processing_time": 0.044,
    "source_doc_count": 5,
    "result_doc_count": 5,
    "final id": 10
  },
  "source": {
    "name": "/Users/borisl/IdeaProjects/data-prep-kit/transforms/universal/doc_id/python/test-data/input",
    "type": "path"
  },
  "target": {
    "name": "/Users/borisl/IdeaProjects/data-prep-kit/transforms/universal/doc_id/python/output",
    "type": "path"
  }
}