{
  "pipeline": "pipeline_id",
  "job details": {
    "job category": "preprocessing",
    "job name": "code2parquet",
    "job type": "pure python",
    "job id": "job_id",
    "start_time": "2024-08-21 08:31:37",
    "end_time": "2024-08-21 08:31:37",
    "status": "success"
  },
  "code": {
    "github": "github",
    "commit_hash": "12345",
    "path": "path"
  },
  "job_input_params": {
    "code_data": true,
    "programming_language_column": "programming_language",
    "supported_langs_file": "/Users/borisl/Projects/data-prep-kit/transforms/code/code2parquet/python/test-data/languages/lang_extensions.json",
    "detect_programming_lang": true,
    "snapshot": null,
    "domain": null,
    "s3_cred": null,
    "checkpointing": false,
    "max_files": -1,
    "random_samples": -1,
    "files_to_use": [
      ".zip"
    ],
    "num_processors": 0
  },
  "job_output_stats": {
    "source_files": 3,
    "source_size": 33885652,
    "result_files": 3,
    "result_size": 70169,
    "processing_time": 0.107,
    "number of rows": 74
  },
  "source": {
    "name": "/Users/borisl/Projects/data-prep-kit/transforms/code/code2parquet/python/test-data/input",
    "type": "path"
  },
  "target": {
    "name": "/Users/borisl/Projects/data-prep-kit/transforms/code/code2parquet/python/output",
    "type": "path"
  }
}