{
    "pipeline": "pipeline_id",
    "job details": {
        "job category": "preprocessing",
        "job name": "filter",
        "job type": "ray",
        "job id": "job_id",
        "start_time": "2024-04-02 10:40:39",
        "end_time": "2024-04-02 10:40:41",
        "status": "success"
    },
    "code": {
        "github": "github",
        "commit_hash": "12345",
        "path": "path"
    },
    "job_input_params": {
        "criteria_list": ["docq_total_words > 100 AND docq_total_words < 200", "ibmkenlm_docq_perplex_score < 230"],
        "columns_to_drop": ["extra", "cluster"],
        "logical_operator": "OR",
        "checkpointing": false,
        "max_files": -1,
        "number of workers": 5,
        "worker options": {
            "num_cpus": 0.8
        },
        "actor creation delay": 0
    },
    "execution_stats": {
        "cpus": 20,
        "gpus": 0,
        "memory": 31.129891205579042,
        "object_store": 15.564945601858199
    },
    "job_output_stats": {
        "source_files": 1,
        "source_size": 478602,
        "result_files": 1,
        "result_size": 183767,
        "table_processing": 0.02460765838623047,
        "total_docs_count": 100,
        "total_bytes_count": 478602,
        "total_columns_count": 25,
        "docs_filtered_out_by 'docq_total_words > 100 AND docq_total_words < 200'": 78,
        "bytes_filtered_out_by 'docq_total_words > 100 AND docq_total_words < 200'": 429191,
        "docs_filtered_out_by 'ibmkenlm_docq_perplex_score < 230'": 53,
        "bytes_filtered_out_by 'ibmkenlm_docq_perplex_score < 230'": 275911,
        "docs_after_filter": 58,
        "columns_after_filter": 23,
        "bytes_after_filter": 228072
    },
    "source": {
        "name": "/home/cma/de/fm-data-engineering/transforms/universal/filtering/test-data/input",
        "type": "path"
    },
    "target": {
        "name": "/home/cma/de/fm-data-engineering/transforms/universal/filtering/output",
        "type": "path"
    }
}
