{
    "pipeline": "pipeline_id",
    "job details": {
        "job category": "preprocessing",
        "job name": "fdclean",
        "job type": "spark",
        "job id": "job_id",
        "start_time": "2024-10-14 10:43:38",
        "end_time": "2024-10-14 10:43:55",
        "status": "success"
    },
    "code": null,
    "job_input_params": {
        "document_id_column": "int_id_column",
        "duplicate_list_location": "docs_to_remove_consolidated/docs_to_remove_consolidated.parquet",
        "operation_mode": "annotate",
        "RDD parallelization": -1,
        "checkpointing": false,
        "max_files": -1,
        "random_samples": -1,
        "files_to_use": [".parquet"]
    },
    "execution_stats": {
        "num partitions": 20,
        "execution time, min": 0.284,
        "cpus": 20,
        "gpus": 0,
        "memory": 0.36,
        "object_store": 0
    },
    "job_output_stats": {
        "source_size": 4111,
        "output_bytes": 8856,
        "processing_time": 0.46729254722595215,
        "input_bytes": 8753,
        "result_size": 6923,
        "input_files": 1,
        "source_files": 1,
        "input_docs": 12,
        "output_docs": 12,
        "filtered_docs": 0,
        "output_files": 1,
        "result_files": 1,
        "source_doc_count": 12,
        "filtered_bytes": -103,
        "result_doc_count": 12
    },
    "source": {
        "name": "/home/cma/de/data-prep-kit/transforms/universal/fdedup/spark/test-data/input",
        "type": "path"
    },
    "target": {
        "name": "/home/cma/de/data-prep-kit/transforms/universal/fdedup/spark/output/test_1/annotated",
        "type": "path"
    }
}
