{
  "pipeline": "pipeline_id",
  "job details": {
    "job category": "preprocessing",
    "job name": "CodeProfiler",
    "job type": "ray",
    "job id": "job_id",
    "start_time": "2024-10-05 22:42:24",
    "end_time": "2024-10-05 22:42:31",
    "status": "success"
  },
  "code": {
    "github": "github",
    "commit_hash": "12345",
    "path": "path"
  },
  "job_input_params": {
    "language": "Language",
    "contents": "Contents",
    "checkpointing": false,
    "max_files": -1,
    "random_samples": -1,
    "files_to_use": [
      ".parquet"
    ],
    "number of workers": 3,
    "worker options": {
      "num_cpus": 1,
      "max_restarts": -1
    },
    "actor creation delay": 0
  },
  "execution_stats": {
    "cpus": 10,
    "gpus": 0,
    "memory": 16.047090149484575,
    "object_store": 2.0,
    "execution time, min": 0.111
  },
  "job_output_stats": {
    "source_files": 1,
    "source_size": 25925,
    "result_files": 1,
    "result_size": 54535,
    "processing_time": 0.376,
    "source_documents": 5,
    "result_documents": 6,
    "source_doc_count": 400,
    "result_doc_count": 400
  },
  "source": {
    "name": "/Users/pankajthorat/challenges/7122-DP4genAI/os-data-prep-kit/v2-dpk/data-prep-kit/transforms/code/code_profiler/ray/test-data/input",
    "type": "path"
  },
  "target": {
    "name": "/Users/pankajthorat/challenges/7122-DP4genAI/os-data-prep-kit/v2-dpk/data-prep-kit/transforms/code/code_profiler/ray/test-data/expected",
    "type": "path"
  }
}