{
    "pipeline": "pipeline_id",
    "job details": {
        "job category": "preprocessing",
        "job name": "fdlist",
        "job type": "pure python",
        "job id": "job_id",
        "start_time": "2024-10-18 10:49:10",
        "end_time": "2024-10-18 10:49:10",
        "status": "success"
    },
    "code": null,
    "job_input_params": {
        "docs_to_remove": "docs_to_remove",
        "consolidated_filename": "docs_to_remove_consolidated/docs_to_remove_consolidated.parquet",
        "checkpointing": false,
        "max_files": -1,
        "random_samples": -1,
        "files_to_use": [".parquet"],
        "num_processors": 0
    },
    "execution_stats": {
        "cpus": 101.1,
        "gpus": 0,
        "memory": 24.02,
        "object_store": 0,
        "execution time, min": 0.0
    },
    "job_output_stats": {
        "result_files": 1,
        "result_size": 663,
        "processing_time": 0.007,
        "input_files": 28,
        "input_bytes": 38040,
        "input_rows": 44,
        "consolidated_files": 1,
        "consolidated_bytes": 64,
        "consolidated_rows": 8
    },
    "source": {
        "name": "data-prep-kit/transforms/universal/fdedup/python/test-data/expected2/cluster_analysis",
        "type": "path"
    },
    "target": {
        "name": "data-prep-kit/transforms/universal/fdedup/python/test-data/expected2",
        "type": "path"
    }
}
