{
    "pipeline": "pipeline_id",
    "job details": {
        "job category": "preprocessing",
        "job name": "docq",
        "job type": "pure python",
        "job id": "job_id",
        "start_time": "2024-07-18 08:59:50",
        "end_time": "2024-07-18 08:59:52",
        "status": "success"
    },
    "code": {
        "github": "github",
        "commit_hash": "12345",
        "path": "path"
    },
    "job_input_params": {
        "text_lang": "en",
        "doc_content_column": "contents",
        "bad_word_filepath": "/Users/dtsuzuku/granite/data-prep-kit/transforms/language/doc_quality/python/ldnoobw/en",
        "s3_cred": null,
        "checkpointing": false,
        "max_files": -1,
        "random_samples": -1,
        "files_to_use": [".parquet"]
    },
    "job_output_stats": {
        "source_files": 1,
        "source_size": 1035,
        "result_files": 1,
        "result_size": 5657,
        "processing_time": 1.8929369449615479,
        "total_docs_count": 1,
        "source_doc_count": 1,
        "result_doc_count": 1
    },
    "source": {
        "name": "/Users/dtsuzuku/granite/data-prep-kit/transforms/language/doc_quality/python/test-data/input",
        "type": "path"
    },
    "target": {
        "name": "/Users/dtsuzuku/granite/data-prep-kit/transforms/language/doc_quality/python/output",
        "type": "path"
    }
}
