{
    "pipeline": "pipeline_id",
    "job details": {
        "job category": "preprocessing",
        "job name": "doc_id",
        "job type": "spark",
        "job id": "job_id",
        "start_time": "2024-08-03 22:04:58",
        "end_time": "2024-08-03 22:05:15",
        "status": "success"
    },
    "code": {
        "github": "github",
        "commit_hash": "12345",
        "path": "path"
    },
    "job_input_params": {
        "doc_column": "contents",
        "hash_column": "hash_column",
        "int_column": "int_id_column",
        "checkpointing": false,
        "max_files": -1,
        "random_samples": -1,
        "files_to_use": [".parquet"]
    },
    "execution_stats": {
        "execution time, min": 0.29759878317515054
    },
    "job_output_stats": {
        "source_size": 36132,
        "result_size": 36668,
        "result_doc_count": 5,
        "source_files": 1,
        "result_files": 1,
        "processing_time": 0.08469605445861816,
        "source_doc_count": 5
    },
    "source": {
        "name": "/Users/borisl/Projects/data-prep-kit/transforms/universal/doc_id/spark/test-data/input",
        "type": "path"
    },
    "target": {
        "name": "/Users/borisl/Projects/data-prep-kit/transforms/universal/doc_id/spark/output",
        "type": "path"
    }
}
