{
    "pipeline": "pipeline_id",
    "job details": {
        "job category": "preprocessing",
        "job name": "repo_lvl",
        "job type": "ray",
        "job id": "job_id",
        "start_time": "2024-08-20 23:41:55",
        "end_time": "2024-08-20 23:41:59",
        "status": "success"
    },
    "code": null,
    "job_input_params": {
        "stage_one_only": false,
        "grouping_column": "repo_name",
        "language_column": "language",
        "store_type": "local",
        "store_backend_dir": "/tmp/mystore",
        "store_ray_cpus": 0.5,
        "store_ray_nworkers": 1,
        "sorting_enabled": true,
        "sorting_algo": "SORT_SEMANTIC_NORMALISED",
        "output_by_langs": false,
        "combine_rows": false,
        "ray_workers": 1,
        "ray_num_cpus": 0.8,
        "checkpointing": false,
        "max_files": -1,
        "random_samples": -1,
        "files_to_use": [".parquet"],
        "number of workers": 1,
        "worker options": {
            "num_cpus": 0.8,
            "max_restarts": -1
        },
        "actor creation delay": 0
    },
    "execution_stats": {
        "cpus": 16,
        "gpus": 0,
        "memory": 30.36921081598848,
        "object_store": 2.0,
        "execution time, min": 0.05816256602605184
    },
    "job_output_stats": {
        "source_files": 2,
        "source_size": 89140,
        "nfiles": 2,
        "nrows": 27,
        "identified_groups": 4,
        "source_doc_count": 27,
        "nrepos": 2
    },
    "source": {
        "name": "/Users/shivdeep/workspace/projects/current/oss-data-prep/patchsets/20aug/transforms/code/repo_level_ordering/ray/test-data/input",
        "type": "path"
    },
    "target": {
        "name": "/Users/shivdeep/workspace/projects/current/oss-data-prep/patchsets/20aug/transforms/code/repo_level_ordering/ray/test/shiva",
        "type": "path"
    }
}
