{
  "pipeline": "pipeline_id",
  "job details": {
    "job category": "preprocessing",
    "job name": "profiler",
    "job type": "spark",
    "job id": "job_id",
    "start_time": "2024-09-26 21:37:21",
    "end_time": "2024-09-26 21:37:39",
    "status": "success"
  },
  "code": {
    "github": "github",
    "commit_hash": "12345",
    "path": "path"
  },
  "job_input_params": {
    "doc_column": "contents",
    "RDD parallelization": -1,
    "checkpointing": false,
    "max_files": -1,
    "random_samples": -1,
    "files_to_use": [
      ".parquet"
    ]
  },
  "execution_stats": {
    "num partitions": 12,
    "execution time, min": 0.2948176304499308
  },
  "job_output_stats": {
    "source_size": 36132,
    "result_doc_count": 0,
    "words memory, GB": 3.4761615097522736e-05,
    "source_files": 1,
    "result_files": 0,
    "processing_time": 0.028929948806762695,
    "unique words": 333,
    "source_doc_count": 5
  },
  "source": {
    "name": "/Users/borisl/Projects/data-prep-kit/transforms/universal/profiler/spark/test-data/input",
    "type": "path"
  },
  "target": {
    "name": "/Users/borisl/Projects/data-prep-kit/transforms/universal/profiler/spark/output",
    "type": "path"
  }
}