{
  "pipeline": "pipeline_id",
  "job details": {
    "job category": "preprocessing",
    "job name": "html2parquet",
    "job type": "pure python",
    "job id": "job_id",
    "start_time": "2024-08-29 16:51:41",
    "end_time": "2024-08-29 16:51:41",
    "status": "success"
  },
  "code": null,
  "job_input_params": {
    "checkpointing": false,
    "max_files": -1,
    "random_samples": -1,
    "files_to_use": [
      ".html",
      ".zip"
    ]
  },
  "job_output_stats": {
    "source_files": 2,
    "source_size": 460391,
    "result_files": 2,
    "result_size": 13508,
    "processing_time": 0.09080028533935547,
    "nrows": 3
  },
  "source": {
    "name": "/Users/sungeunan/Desktop/temp/data-prep-kit/transforms/universal/html2parquet/python/test-data/input",
    "type": "path"
  },
  "target": {
    "name": "/Users/sungeunan/Desktop/temp/html2parquet-output",
    "type": "path"
  }
}