{
    "pipeline": "pipeline_id",
    "job details": {
        "job category": "preprocessing",
        "job name": "filter",
        "job type": "ray",
        "job id": "job_id",
        "start_time": "2024-04-01 14:16:37",
        "end_time": "2024-04-01 14:16:38",
        "status": "success"
    },
    "code": {
        "github": "github",
        "commit_hash": "12345",
        "path": "path"
    },
    "job_input_params": {
        "criteria_list": [],
        "columns_to_drop": [],
        "logical_operator": "AND",
        "checkpointing": false,
        "max_files": -1,
        "number of workers": 5,
        "worker options": {
            "num_cpus": 0.8
        },
        "actor creation delay": 0
    },
    "execution_stats": {
        "cpus": 20,
        "gpus": 0,
        "memory": 31.155734254047275,
        "object_store": 15.577867126092315
    },
    "job_output_stats": {
        "source_files": 1,
        "source_size": 478602,
        "result_files": 1,
        "result_size": 478602,
        "table_processing": 0.016501903533935547,
        "total_docs_count": 100,
        "total_bytes_count": 478602,
        "total_columns_count": 25,
        "docs_after_filter": 100,
        "columns_after_filter": 25,
        "bytes_after_filter": 478602
    },
    "source": {
        "name": "/home/cma/de/fm-data-engineering/transforms/universal/filtering/test-data/input",
        "type": "path"
    },
    "target": {
        "name": "/home/cma/de/fm-data-engineering/transforms/universal/filtering/output",
        "type": "path"
    }
}
