{
    "pipeline": "pipeline_id",
    "job details": {
        "job category": "preprocessing",
        "job name": "filter",
        "job type": "ray",
        "job id": "job_id",
        "start_time": "2024-04-02 10:59:46",
        "end_time": "2024-04-02 10:59:48",
        "status": "success"
    },
    "code": {
        "github": "github",
        "commit_hash": "12345",
        "path": "path"
    },
    "job_input_params": {
        "criteria_list": ["date_acquired BETWEEN '2023-07-04' AND '2023-07-08'", "title LIKE 'https://%'"],
        "columns_to_drop": [],
        "logical_operator": "AND",
        "checkpointing": false,
        "max_files": -1,
        "number of workers": 5,
        "worker options": {
            "num_cpus": 0.8
        },
        "actor creation delay": 0
    },
    "execution_stats": {
        "cpus": 20,
        "gpus": 0,
        "memory": 31.168567657470703,
        "object_store": 15.584283828735352
    },
    "job_output_stats": {
        "source_files": 1,
        "source_size": 478602,
        "result_files": 1,
        "result_size": 60034,
        "table_processing": 0.020560264587402344,
        "total_docs_count": 100,
        "total_bytes_count": 478602,
        "total_columns_count": 25,
        "docs_filtered_out_by 'date_acquired BETWEEN '2023-07-04' AND '2023-07-08''": 76,
        "bytes_filtered_out_by 'date_acquired BETWEEN '2023-07-04' AND '2023-07-08''": 386230,
        "docs_filtered_out_by 'title LIKE 'https://%''": 32,
        "bytes_filtered_out_by 'title LIKE 'https://%''": 136638,
        "docs_after_filter": 16,
        "columns_after_filter": 25,
        "bytes_after_filter": 60034
    },
    "source": {
        "name": "/home/cma/de/fm-data-engineering/transforms/universal/filtering/test-data/input",
        "type": "path"
    },
    "target": {
        "name": "/home/cma/de/fm-data-engineering/transforms/universal/filtering/output",
        "type": "path"
    }
}
