{
  "pipeline": "pipeline_id",
  "job details": {
    "job category": "preprocessing",
    "job name": "SyntacticConceptExtractor",
    "job type": "ray",
    "job id": "job_id",
    "start_time": "2024-09-26 02:07:27",
    "end_time": "2024-09-26 02:07:28",
    "status": "success"
  },
  "code": {
    "github": "github",
    "commit_hash": "12345",
    "path": "path"
  },
  "job_input_params": {
    "language": "Language",
    "contents": "Contents",
    "checkpointing": false,
    "max_files": -1,
    "random_samples": -1,
    "files_to_use": [
      ".parquet"
    ],
    "number of workers": 1,
    "worker options": {
      "num_cpus": 0.8,
      "max_restarts": -1
    },
    "actor creation delay": 0
  },
  "execution_stats": {
    "cpus": 10,
    "gpus": 0,
    "memory": 17.42294921912253,
    "object_store": 2.0,
    "execution time, min": 0.019
  },
  "job_output_stats": {
    "source_files": 1,
    "source_size": 56309,
    "result_files": 1,
    "result_size": 102574,
    "processing_time": 0.261,
    "source_documents": 5,
    "result_documents": 6,
    "source_doc_count": 1000,
    "result_doc_count": 1000
  },
  "source": {
    "name": "/Users/pankajthorat/challenges/7122-DP4genAI/os-data-prep-kit/data-prep-kit/transforms/code/syntactic_concept_extractor/input",
    "type": "path"
  },
  "target": {
    "name": "/Users/pankajthorat/challenges/7122-DP4genAI/os-data-prep-kit/data-prep-kit/transforms/code/syntactic_concept_extractor/output",
    "type": "path"
  }
}