{
    "total_docs_count": 100,
    "total_bytes_count": 478602,
    "total_columns_count": 25,
    "docs_after_filter": 100,
    "columns_after_filter": 25,
    "bytes_after_filter": 478602
}
