{
    "pipeline": "pipeline_id",
    "job details": {
        "job category": "preprocessing",
        "job name": "doc_chunk",
        "job type": "pure python",
        "job id": "job_id",
        "start_time": "2024-07-31 21:18:32",
        "end_time": "2024-07-31 21:18:32",
        "status": "success"
    },
    "code": {
        "github": "github",
        "commit_hash": "12345",
        "path": "path"
    },
    "job_input_params": {
        "chunking_type": "dl_json",
        "content_column_name": "contents",
        "output_chunk_column_name": "contents",
        "output_jsonpath_column_name": "doc_jsonpath",
        "output_pageno_column_name": "page_number",
        "output_bbox_column_name": "bbox",
        "checkpointing": false,
        "max_files": -1,
        "random_samples": -1,
        "files_to_use": [".parquet"]
    },
    "job_output_stats": {
        "source_files": 1,
        "source_size": 50276,
        "result_files": 1,
        "result_size": 27400,
        "processing_time": 0.051286935806274414,
        "nfiles": 1,
        "nrows": 88,
        "source_doc_count": 1,
        "result_doc_count": 88
    },
    "source": {
        "name": "/Users/dol/scratch/dpk-dev/data-prep-kit/transforms/language/doc_chunk/python/test-data/input",
        "type": "path"
    },
    "target": {
        "name": "/Users/dol/scratch/dpk-dev/data-prep-kit/transforms/language/doc_chunk/python/output",
        "type": "path"
    }
}
