{
  "pipeline": "pipeline_id",
  "job details": {
    "job category": "preprocessing",
    "job name": "pdf2md",
    "job type": "pure python",
    "job id": "job_id",
    "start_time": "2024-07-19 13:20:01",
    "end_time": "2024-07-19 13:20:24",
    "status": "success"
  },
  "code": {
    "github": "github",
    "commit_hash": "12345",
    "path": "path"
  },
  "job_input_params": {
    "artifacts_path": null,
    "do_table_structure": true,
    "do_ocr": false,
    "checkpointing": false,
    "max_files": -1,
    "random_samples": -1,
    "files_to_use": [
      ".pdf",
      ".zip"
    ]
  },
  "job_output_stats": {
    "source_files": 2,
    "source_size": 8925664,
    "result_files": 2,
    "result_size": 85289,
    "processing_time": 19.198347091674805,
    "nrows": 3,
    "nsuccess": 3
  },
  "source": {
    "name": "/Users/dol/codes/data-prep-kit/transforms/universal/pdf2md/python/test-data/input",
    "type": "path"
  },
  "target": {
    "name": "/Users/dol/codes/data-prep-kit/transforms/universal/pdf2md/python/output",
    "type": "path"
  }
}