{
  "pipeline": "pipeline_id",
  "job details": {
    "job category": "preprocessing",
    "job name": "doc_id",
    "job type": "ray",
    "job id": "job_id",
    "start_time": "2024-08-17 21:12:06",
    "end_time": "2024-08-17 21:12:07",
    "status": "success"
  },
  "code": {
    "github": "github",
    "commit_hash": "12345",
    "path": "path"
  },
  "job_input_params": {
    "doc_column": "contents",
    "hash_column": "hash_column",
    "int_column": "int_id_column",
    "start_id": 5,
    "checkpointing": false,
    "max_files": -1,
    "random_samples": -1,
    "files_to_use": [
      ".parquet"
    ],
    "number of workers": 2,
    "worker options": {
      "num_cpus": 0.8,
      "max_restarts": -1
    },
    "actor creation delay": 0
  },
  "execution_stats": {
    "cpus": 12,
    "gpus": 0,
    "memory": 14.759533692151308,
    "object_store": 2.0,
    "execution time, min": 0.00696413516998291
  },
  "job_output_stats": {
    "source_files": 1,
    "source_size": 36132,
    "result_files": 1,
    "result_size": 36668,
    "processing_time": 0.0373997688293457,
    "source_doc_count": 5,
    "result_doc_count": 5,
    "final id": 10
  },
  "source": {
    "name": "/Users/borisl/IdeaProjects/data-prep-kit/transforms/universal/doc_id/ray/test-data/input",
    "type": "path"
  },
  "target": {
    "name": "/Users/borisl/IdeaProjects/data-prep-kit/transforms/universal/doc_id/ray/output",
    "type": "path"
  }
}