{
    "pipeline": "pipeline_id",
    "job details": {
        "job category": "preprocessing",
        "job name": "filter",
        "job type": "ray",
        "job id": "job_id",
        "start_time": "2024-04-02 12:01:55",
        "end_time": "2024-04-02 12:01:59",
        "status": "success"
    },
    "code": {
        "github": "github",
        "commit_hash": "12345",
        "path": "path"
    },
    "job_input_params": {
        "criteria_list": [
            "document IN ('CC-MAIN-20190221132217-20190221154217-00305.warc.gz', 'CC-MAIN-20200528232803-20200529022803-00154.warc.gz', 'CC-MAIN-20190617103006-20190617125006-00025.warc.gz')"
        ],
        "columns_to_drop": [],
        "logical_operator": "AND",
        "checkpointing": false,
        "max_files": -1,
        "number of workers": 5,
        "worker options": {
            "num_cpus": 0.8
        },
        "actor creation delay": 0
    },
    "execution_stats": {
        "cpus": 20,
        "gpus": 0,
        "memory": 31.03808670118451,
        "object_store": 15.519043349660933
    },
    "job_output_stats": {
        "source_files": 1,
        "source_size": 478602,
        "result_files": 1,
        "result_size": 10592,
        "table_processing": 0.03538918495178223,
        "total_docs_count": 100,
        "total_bytes_count": 478602,
        "total_columns_count": 25,
        "docs_filtered_out_by 'document IN ('CC-MAIN-20190221132217-20190221154217-00305.warc.gz', 'CC-MAIN-20200528232803-20200529022803-00154.warc.gz', 'CC-MAIN-20190617103006-20190617125006-00025.warc.gz')'": 97,
        "bytes_filtered_out_by 'document IN ('CC-MAIN-20190221132217-20190221154217-00305.warc.gz', 'CC-MAIN-20200528232803-20200529022803-00154.warc.gz', 'CC-MAIN-20190617103006-20190617125006-00025.warc.gz')'": 468010,
        "docs_after_filter": 3,
        "columns_after_filter": 25,
        "bytes_after_filter": 10592
    },
    "source": {
        "name": "/home/cma/de/fm-data-engineering/transforms/universal/filtering/test-data/input",
        "type": "path"
    },
    "target": {
        "name": "/home/cma/de/fm-data-engineering/transforms/universal/filtering/output",
        "type": "path"
    }
}
