{
  "pipeline": "pipeline_id",
  "job details": {
    "job category": "preprocessing",
    "job name": "pdf2parquet",
    "job type": "pure python",
    "job id": "job_id",
    "start_time": "2024-10-18 06:02:44",
    "end_time": "2024-10-18 06:03:04",
    "status": "success"
  },
  "code": {
    "github": "github",
    "commit_hash": "12345",
    "path": "path"
  },
  "job_input_params": {
    "artifacts_path": null,
    "contents_type": "text/markdown",
    "do_table_structure": true,
    "do_ocr": true,
    "double_precision": 0,
    "checkpointing": false,
    "max_files": -1,
    "random_samples": -1,
    "files_to_use": [
      ".pdf",
      ".zip"
    ],
    "num_processors": 0
  },
  "execution_stats": {
    "cpus": 29.2,
    "gpus": 0,
    "memory": 29.7,
    "object_store": 0,
    "execution time, min": 0.329
  },
  "job_output_stats": {
    "source_files": 2,
    "source_size": 605137,
    "result_files": 2,
    "result_size": 32086,
    "processing_time": 5.981,
    "nrows": 3,
    "nsuccess": 3,
    "nfail": 0,
    "nskip": 0
  },
  "source": {
    "name": "/Users/dol/codes/data-prep-kit/transforms/language/pdf2parquet/python/test-data/input",
    "type": "path"
  },
  "target": {
    "name": "/Users/dol/codes/data-prep-kit/transforms/language/pdf2parquet/python/output",
    "type": "path"
  }
}