{
  "pipeline": "pipeline_id",
  "job details": {
    "job category": "preprocessing",
    "job name": "profiler",
    "job type": "ray",
    "job id": "job_id",
    "start_time": "2024-09-26 21:32:45",
    "end_time": "2024-09-26 21:32:47",
    "status": "success"
  },
  "code": {
    "github": "github",
    "commit_hash": "12345",
    "path": "path"
  },
  "job_input_params": {
    "doc_column": "contents",
    "aggregator_cpu": 0.5,
    "num_aggregators": 2,
    "checkpointing": false,
    "max_files": -1,
    "random_samples": -1,
    "files_to_use": [
      ".parquet"
    ],
    "number of workers": 3,
    "worker options": {
      "num_cpus": 0.8,
      "max_restarts": -1
    },
    "actor creation delay": 0
  },
  "execution_stats": {
    "cpus": 12,
    "gpus": 0,
    "memory": 19.8156753545627,
    "object_store": 2.0,
    "execution time, min": 0.036
  },
  "job_output_stats": {
    "unique words": 333,
    "words memory, GB": 3.913510590791702e-05,
    "source_files": 1,
    "source_size": 36132,
    "result_files": 0,
    "processing_time": 0.035,
    "source_doc_count": 5,
    "result_doc_count": 0
  },
  "source": {
    "name": "/Users/borisl/Projects/data-prep-kit/transforms/universal/profiler/ray/test-data/input",
    "type": "path"
  },
  "target": {
    "name": "/Users/borisl/Projects/data-prep-kit/transforms/universal/profiler/ray/output",
    "type": "path"
  }
}