{
    "pipeline": "pipeline_id",
    "job details": {
        "job category": "preprocessing",
        "job name": "cluster",
        "job type": "pure python",
        "job id": "job_id",
        "start_time": "2024-10-18 10:32:15",
        "end_time": "2024-10-18 10:32:15",
        "status": "success"
    },
    "code": {
        "github": "github",
        "commit_hash": "12345",
        "path": "path"
    },
    "job_input_params": {
        "jaccard_similarity_threshold": 0.7,
        "num_bands": 14,
        "num_segments": 2,
        "checkpointing": false,
        "max_files": -1,
        "random_samples": -1,
        "files_to_use": [".parquet"],
        "num_processors": 0
    },
    "execution_stats": {
        "cpus": 91.7,
        "gpus": 0,
        "memory": 24.01,
        "object_store": 0,
        "execution time, min": 0.001
    },
    "job_output_stats": {
        "result_files": 28,
        "result_size": 38040,
        "processing_time": 0.061,
        "input_files": 28,
        "input_bytes": 115324,
        "input_rows": 168,
        "consolidated_files": 28,
        "consolidated_bytes": 80640,
        "consolidated_rows": 168,
        "groupby_clusters": 35,
        "cluster_duplicate_docs": 79,
        "jaccard_clusters": 35,
        "jaccard_duplicate_docs": 44,
        "num_duplicate_documents": 44
    },
    "source": {
        "name": "data-prep-kit/transforms/universal/fdedup/python/test-data/expected2/signature_calc/bands",
        "type": "path"
    },
    "target": {
        "name": "data-prep-kit/transforms/universal/fdedup/python/test-data/expected2/docs_to_remove",
        "type": "path"
    }
}
